// Vitest Snapshot v1, https://vitest.dev/guide/snapshot.html

exports[`Button component > Should take a button snapshot 1`] = `[Function]`;
