// Vitest Snapshot v1, https://vitest.dev/guide/snapshot.html

exports[`Input component > Should take a input snapshot 1`] = `[Function]`;
