// Vitest Snapshot v1, https://vitest.dev/guide/snapshot.html

exports[`InputLabel component > Should take an input-label snapshot 1`] = `[Function]`;
