// Vitest Snapshot v1, https://vitest.dev/guide/snapshot.html

exports[`Label component > Should take a label snapshot 1`] = `[Function]`;
